
Build FAILED.
    0 Warning(s)
    0 Error(s)

Time Elapsed 00:00:08.95

Workload updates are available. Run `dotnet workload list` for more information.
