============================= test session starts =============================
platform win32 -- Python 3.13.7, pytest-8.4.2, pluggy-1.6.0 -- C:\Python313\python.exe
cachedir: .pytest_cache
rootdir: C:\Users\mohdq\src\DataBricks-Sample1
configfile: pyproject.toml
plugins: anyio-4.11.0, Faker-40.13.0, asyncio-0.24.0, cov-5.0.0, langsmith-0.7.22
asyncio: mode=Mode.STRICT, default_loop_scope=None
collecting ... collected 72 items

tests/test_silver_pipeline.py::TestSilverPipelineExecution::test_silver_pipeline_creates_15_tables ERROR [  1%]
tests/test_silver_pipeline.py::TestSilverPipelineExecution::test_silver_tables_not_empty ERROR [  2%]
tests/test_silver_pipeline.py::TestSilverDataQuality::test_vendors_null_pk_dropped ERROR [  4%]
tests/test_silver_pipeline.py::TestSilverDataQuality::test_projects_null_pk_dropped ERROR [  5%]
tests/test_silver_pipeline.py::TestSilverDataQuality::test_materials_null_pk_dropped ERROR [  6%]
tests/test_silver_pipeline.py::TestSilverDataQuality::test_employees_null_pk_dropped ERROR [  8%]
tests/test_silver_pipeline.py::TestSilverDataQuality::test_purchase_orders_null_pk_dropped ERROR [  9%]
tests/test_silver_pipeline.py::TestSilverDataQuality::test_po_line_items_null_pk_dropped ERROR [ 11%]
tests/test_silver_pipeline.py::TestSilverDataQuality::test_contracts_null_pk_dropped ERROR [ 12%]
tests/test_silver_pipeline.py::TestSilverDataQuality::test_contract_items_null_pk_dropped ERROR [ 13%]
tests/test_silver_pipeline.py::TestSilverDataQuality::test_invoices_null_pk_dropped ERROR [ 15%]
tests/test_silver_pipeline.py::TestSilverDataQuality::test_goods_receipts_null_pk_dropped ERROR [ 16%]
tests/test_silver_pipeline.py::TestSilverDataQuality::test_project_budgets_null_pk_dropped ERROR [ 18%]
tests/test_silver_pipeline.py::TestSilverDataQuality::test_project_actuals_null_pk_dropped ERROR [ 19%]
tests/test_silver_pipeline.py::TestSilverDataQuality::test_sales_orders_null_pk_dropped ERROR [ 20%]
tests/test_silver_pipeline.py::TestSilverDataQuality::test_inventory_null_pk_dropped ERROR [ 22%]
tests/test_silver_pipeline.py::TestSilverDataQuality::test_vendor_performance_null_pk_dropped ERROR [ 23%]
tests/test_silver_pipeline.py::TestSilverRowCounts::test_silver_table_has_2_rows[silver_vendors] ERROR [ 25%]
tests/test_silver_pipeline.py::TestSilverRowCounts::test_silver_table_has_2_rows[silver_projects] ERROR [ 26%]
tests/test_silver_pipeline.py::TestSilverRowCounts::test_silver_table_has_2_rows[silver_materials] ERROR [ 27%]
tests/test_silver_pipeline.py::TestSilverRowCounts::test_silver_table_has_2_rows[silver_employees] ERROR [ 29%]
tests/test_silver_pipeline.py::TestSilverRowCounts::test_silver_table_has_2_rows[silver_purchase_orders] ERROR [ 30%]
tests/test_silver_pipeline.py::TestSilverRowCounts::test_silver_table_has_2_rows[silver_po_line_items] ERROR [ 31%]
tests/test_silver_pipeline.py::TestSilverRowCounts::test_silver_table_has_2_rows[silver_contracts] ERROR [ 33%]
tests/test_silver_pipeline.py::TestSilverRowCounts::test_silver_table_has_2_rows[silver_contract_items] ERROR [ 34%]
tests/test_silver_pipeline.py::TestSilverRowCounts::test_silver_table_has_2_rows[silver_invoices] ERROR [ 36%]
tests/test_silver_pipeline.py::TestSilverRowCounts::test_silver_table_has_2_rows[silver_goods_receipts] ERROR [ 37%]
tests/test_silver_pipeline.py::TestSilverRowCounts::test_silver_table_has_2_rows[silver_project_budgets] ERROR [ 38%]
tests/test_silver_pipeline.py::TestSilverRowCounts::test_silver_table_has_2_rows[silver_project_actuals] ERROR [ 40%]
tests/test_silver_pipeline.py::TestSilverRowCounts::test_silver_table_has_2_rows[silver_sales_orders] ERROR [ 41%]
tests/test_silver_pipeline.py::TestSilverRowCounts::test_silver_table_has_2_rows[silver_inventory] ERROR [ 43%]
tests/test_silver_pipeline.py::TestSilverRowCounts::test_silver_table_has_2_rows[silver_vendor_performance] ERROR [ 44%]
tests/test_silver_pipeline.py::TestSilverVendorTransforms::test_vendor_name_trimmed ERROR [ 45%]
tests/test_silver_pipeline.py::TestSilverVendorTransforms::test_country_uppercased ERROR [ 47%]
tests/test_silver_pipeline.py::TestSilverVendorTransforms::test_performance_rating_is_double ERROR [ 48%]
tests/test_silver_pipeline.py::TestSilverVendorTransforms::test_payment_terms_is_integer ERROR [ 50%]
tests/test_silver_pipeline.py::TestSilverVendorTransforms::test_metadata_columns_dropped ERROR [ 51%]
tests/test_silver_pipeline.py::TestSilverVendorTransforms::test_silver_timestamp_added ERROR [ 52%]
tests/test_silver_pipeline.py::TestSilverProjectTransforms::test_project_name_trimmed ERROR [ 54%]
tests/test_silver_pipeline.py::TestSilverProjectTransforms::test_dates_cast_to_date_type ERROR [ 55%]
tests/test_silver_pipeline.py::TestSilverProjectTransforms::test_planned_duration_days_calculated ERROR [ 56%]
tests/test_silver_pipeline.py::TestSilverProjectTransforms::test_budget_variance_pct_calculated ERROR [ 58%]
tests/test_silver_pipeline.py::TestSilverMaterialTransforms::test_category_uppercased ERROR [ 59%]
tests/test_silver_pipeline.py::TestSilverMaterialTransforms::test_active_to_is_active_boolean ERROR [ 61%]
tests/test_silver_pipeline.py::TestSilverEmployeeTransforms::test_full_name_concatenated ERROR [ 62%]
tests/test_silver_pipeline.py::TestSilverEmployeeTransforms::test_full_name_trimmed_parts ERROR [ 63%]
tests/test_silver_pipeline.py::TestSilverEmployeeTransforms::test_department_uppercased ERROR [ 65%]
tests/test_silver_pipeline.py::TestSilverPurchaseOrderTransforms::test_po_status_uppercased ERROR [ 66%]
tests/test_silver_pipeline.py::TestSilverPurchaseOrderTransforms::test_dates_cast ERROR [ 68%]
tests/test_silver_pipeline.py::TestSilverPurchaseOrderTransforms::test_order_date_alias ERROR [ 69%]
tests/test_silver_pipeline.py::TestSilverPoLineItemTransforms::test_fulfillment_rate_calculated ERROR [ 70%]
tests/test_silver_pipeline.py::TestSilverPoLineItemTransforms::test_acceptance_rate_calculated ERROR [ 72%]
tests/test_silver_pipeline.py::TestSilverContractTransforms::test_contract_duration_days ERROR [ 73%]
tests/test_silver_pipeline.py::TestSilverContractTransforms::test_status_uppercased ERROR [ 75%]
tests/test_silver_pipeline.py::TestSilverContractTransforms::test_type_uppercased ERROR [ 76%]
tests/test_silver_pipeline.py::TestSilverContractItemTransforms::test_quantity_cast_to_double ERROR [ 77%]
tests/test_silver_pipeline.py::TestSilverInvoiceTransforms::test_days_to_pay_calculated ERROR [ 79%]
tests/test_silver_pipeline.py::TestSilverInvoiceTransforms::test_days_overdue_for_unpaid ERROR [ 80%]
tests/test_silver_pipeline.py::TestSilverGoodsReceiptTransforms::test_qty_delivered_renamed_to_qty_received ERROR [ 81%]
tests/test_silver_pipeline.py::TestSilverGoodsReceiptTransforms::test_rejection_rate_calculated ERROR [ 83%]
tests/test_silver_pipeline.py::TestSilverProjectBudgetTransforms::test_column_renames ERROR [ 84%]
tests/test_silver_pipeline.py::TestSilverProjectBudgetTransforms::test_remaining_amount_calculated ERROR [ 86%]
tests/test_silver_pipeline.py::TestSilverProjectBudgetTransforms::test_utilization_pct_calculated ERROR [ 87%]
tests/test_silver_pipeline.py::TestSilverProjectActualTransforms::test_cost_category_derived ERROR [ 88%]
tests/test_silver_pipeline.py::TestSilverProjectActualTransforms::test_trimmed_cost_type ERROR [ 90%]
tests/test_silver_pipeline.py::TestSilverSalesOrderTransforms::test_order_value_from_revenue ERROR [ 91%]
tests/test_silver_pipeline.py::TestSilverSalesOrderTransforms::test_total_value_from_total_amount ERROR [ 93%]
tests/test_silver_pipeline.py::TestSilverSalesOrderTransforms::test_customer_name_trimmed ERROR [ 94%]
tests/test_silver_pipeline.py::TestSilverInventoryTransforms::test_total_cost_from_total_value ERROR [ 95%]
tests/test_silver_pipeline.py::TestSilverInventoryTransforms::test_movement_type_uppercased ERROR [ 97%]
tests/test_silver_pipeline.py::TestSilverVendorPerformanceTransforms::test_overall_score_from_composite ERROR [ 98%]
tests/test_silver_pipeline.py::TestSilverVendorPerformanceTransforms::test_overall_score_value ERROR [100%]

=================================== ERRORS ====================================
_ ERROR at setup of TestSilverPipelineExecution.test_silver_pipeline_creates_15_tables _
tests\test_silver_pipeline.py:19: in silver_tables
    tables = pipeline_runner.run_pipeline(PIPELINE_PATH, spark, dlt_mock)
             ^^^^^^^^^^^^^^^^^^^^^^^^^^^^^^^^^^^^^^^^^^^^^^^^^^^^^^^^^^^^
tests\pipeline_runner.py:121: in run_pipeline
    dlt_mock.execute_pending()
tests\dlt_mock.py:129: in execute_pending
    raise RuntimeError(
E   RuntimeError: Cannot resolve dependencies for: ['silver_goods_receipts']
E   Errors:
E   silver_goods_receipts: unsupported operand type(s) for /: 'float' and 'str'
_ ERROR at setup of TestSilverPipelineExecution.test_silver_tables_not_empty __
tests\test_silver_pipeline.py:19: in silver_tables
    tables = pipeline_runner.run_pipeline(PIPELINE_PATH, spark, dlt_mock)
             ^^^^^^^^^^^^^^^^^^^^^^^^^^^^^^^^^^^^^^^^^^^^^^^^^^^^^^^^^^^^
tests\pipeline_runner.py:121: in run_pipeline
    dlt_mock.execute_pending()
tests\dlt_mock.py:129: in execute_pending
    raise RuntimeError(
E   RuntimeError: Cannot resolve dependencies for: ['silver_goods_receipts']
E   Errors:
E   silver_goods_receipts: unsupported operand type(s) for /: 'float' and 'str'
____ ERROR at setup of TestSilverDataQuality.test_vendors_null_pk_dropped _____
tests\test_silver_pipeline.py:19: in silver_tables
    tables = pipeline_runner.run_pipeline(PIPELINE_PATH, spark, dlt_mock)
             ^^^^^^^^^^^^^^^^^^^^^^^^^^^^^^^^^^^^^^^^^^^^^^^^^^^^^^^^^^^^
tests\pipeline_runner.py:121: in run_pipeline
    dlt_mock.execute_pending()
tests\dlt_mock.py:129: in execute_pending
    raise RuntimeError(
E   RuntimeError: Cannot resolve dependencies for: ['silver_goods_receipts']
E   Errors:
E   silver_goods_receipts: unsupported operand type(s) for /: 'float' and 'str'
____ ERROR at setup of TestSilverDataQuality.test_projects_null_pk_dropped ____
tests\test_silver_pipeline.py:19: in silver_tables
    tables = pipeline_runner.run_pipeline(PIPELINE_PATH, spark, dlt_mock)
             ^^^^^^^^^^^^^^^^^^^^^^^^^^^^^^^^^^^^^^^^^^^^^^^^^^^^^^^^^^^^
tests\pipeline_runner.py:121: in run_pipeline
    dlt_mock.execute_pending()
tests\dlt_mock.py:129: in execute_pending
    raise RuntimeError(
E   RuntimeError: Cannot resolve dependencies for: ['silver_goods_receipts']
E   Errors:
E   silver_goods_receipts: unsupported operand type(s) for /: 'float' and 'str'
___ ERROR at setup of TestSilverDataQuality.test_materials_null_pk_dropped ____
tests\test_silver_pipeline.py:19: in silver_tables
    tables = pipeline_runner.run_pipeline(PIPELINE_PATH, spark, dlt_mock)
             ^^^^^^^^^^^^^^^^^^^^^^^^^^^^^^^^^^^^^^^^^^^^^^^^^^^^^^^^^^^^
tests\pipeline_runner.py:121: in run_pipeline
    dlt_mock.execute_pending()
tests\dlt_mock.py:129: in execute_pending
    raise RuntimeError(
E   RuntimeError: Cannot resolve dependencies for: ['silver_goods_receipts']
E   Errors:
E   silver_goods_receipts: unsupported operand type(s) for /: 'float' and 'str'
___ ERROR at setup of TestSilverDataQuality.test_employees_null_pk_dropped ____
tests\test_silver_pipeline.py:19: in silver_tables
    tables = pipeline_runner.run_pipeline(PIPELINE_PATH, spark, dlt_mock)
             ^^^^^^^^^^^^^^^^^^^^^^^^^^^^^^^^^^^^^^^^^^^^^^^^^^^^^^^^^^^^
tests\pipeline_runner.py:121: in run_pipeline
    dlt_mock.execute_pending()
tests\dlt_mock.py:129: in execute_pending
    raise RuntimeError(
E   RuntimeError: Cannot resolve dependencies for: ['silver_goods_receipts']
E   Errors:
E   silver_goods_receipts: unsupported operand type(s) for /: 'float' and 'str'
_ ERROR at setup of TestSilverDataQuality.test_purchase_orders_null_pk_dropped _
tests\test_silver_pipeline.py:19: in silver_tables
    tables = pipeline_runner.run_pipeline(PIPELINE_PATH, spark, dlt_mock)
             ^^^^^^^^^^^^^^^^^^^^^^^^^^^^^^^^^^^^^^^^^^^^^^^^^^^^^^^^^^^^
tests\pipeline_runner.py:121: in run_pipeline
    dlt_mock.execute_pending()
tests\dlt_mock.py:129: in execute_pending
    raise RuntimeError(
E   RuntimeError: Cannot resolve dependencies for: ['silver_goods_receipts']
E   Errors:
E   silver_goods_receipts: unsupported operand type(s) for /: 'float' and 'str'
_ ERROR at setup of TestSilverDataQuality.test_po_line_items_null_pk_dropped __
tests\test_silver_pipeline.py:19: in silver_tables
    tables = pipeline_runner.run_pipeline(PIPELINE_PATH, spark, dlt_mock)
             ^^^^^^^^^^^^^^^^^^^^^^^^^^^^^^^^^^^^^^^^^^^^^^^^^^^^^^^^^^^^
tests\pipeline_runner.py:121: in run_pipeline
    dlt_mock.execute_pending()
tests\dlt_mock.py:129: in execute_pending
    raise RuntimeError(
E   RuntimeError: Cannot resolve dependencies for: ['silver_goods_receipts']
E   Errors:
E   silver_goods_receipts: unsupported operand type(s) for /: 'float' and 'str'
___ ERROR at setup of TestSilverDataQuality.test_contracts_null_pk_dropped ____
tests\test_silver_pipeline.py:19: in silver_tables
    tables = pipeline_runner.run_pipeline(PIPELINE_PATH, spark, dlt_mock)
             ^^^^^^^^^^^^^^^^^^^^^^^^^^^^^^^^^^^^^^^^^^^^^^^^^^^^^^^^^^^^
tests\pipeline_runner.py:121: in run_pipeline
    dlt_mock.execute_pending()
tests\dlt_mock.py:129: in execute_pending
    raise RuntimeError(
E   RuntimeError: Cannot resolve dependencies for: ['silver_goods_receipts']
E   Errors:
E   silver_goods_receipts: unsupported operand type(s) for /: 'float' and 'str'
_ ERROR at setup of TestSilverDataQuality.test_contract_items_null_pk_dropped _
tests\test_silver_pipeline.py:19: in silver_tables
    tables = pipeline_runner.run_pipeline(PIPELINE_PATH, spark, dlt_mock)
             ^^^^^^^^^^^^^^^^^^^^^^^^^^^^^^^^^^^^^^^^^^^^^^^^^^^^^^^^^^^^
tests\pipeline_runner.py:121: in run_pipeline
    dlt_mock.execute_pending()
tests\dlt_mock.py:129: in execute_pending
    raise RuntimeError(
E   RuntimeError: Cannot resolve dependencies for: ['silver_goods_receipts']
E   Errors:
E   silver_goods_receipts: unsupported operand type(s) for /: 'float' and 'str'
____ ERROR at setup of TestSilverDataQuality.test_invoices_null_pk_dropped ____
tests\test_silver_pipeline.py:19: in silver_tables
    tables = pipeline_runner.run_pipeline(PIPELINE_PATH, spark, dlt_mock)
             ^^^^^^^^^^^^^^^^^^^^^^^^^^^^^^^^^^^^^^^^^^^^^^^^^^^^^^^^^^^^
tests\pipeline_runner.py:121: in run_pipeline
    dlt_mock.execute_pending()
tests\dlt_mock.py:129: in execute_pending
    raise RuntimeError(
E   RuntimeError: Cannot resolve dependencies for: ['silver_goods_receipts']
E   Errors:
E   silver_goods_receipts: unsupported operand type(s) for /: 'float' and 'str'
_ ERROR at setup of TestSilverDataQuality.test_goods_receipts_null_pk_dropped _
tests\test_silver_pipeline.py:19: in silver_tables
    tables = pipeline_runner.run_pipeline(PIPELINE_PATH, spark, dlt_mock)
             ^^^^^^^^^^^^^^^^^^^^^^^^^^^^^^^^^^^^^^^^^^^^^^^^^^^^^^^^^^^^
tests\pipeline_runner.py:121: in run_pipeline
    dlt_mock.execute_pending()
tests\dlt_mock.py:129: in execute_pending
    raise RuntimeError(
E   RuntimeError: Cannot resolve dependencies for: ['silver_goods_receipts']
E   Errors:
E   silver_goods_receipts: unsupported operand type(s) for /: 'float' and 'str'
_ ERROR at setup of TestSilverDataQuality.test_project_budgets_null_pk_dropped _
tests\test_silver_pipeline.py:19: in silver_tables
    tables = pipeline_runner.run_pipeline(PIPELINE_PATH, spark, dlt_mock)
             ^^^^^^^^^^^^^^^^^^^^^^^^^^^^^^^^^^^^^^^^^^^^^^^^^^^^^^^^^^^^
tests\pipeline_runner.py:121: in run_pipeline
    dlt_mock.execute_pending()
tests\dlt_mock.py:129: in execute_pending
    raise RuntimeError(
E   RuntimeError: Cannot resolve dependencies for: ['silver_goods_receipts']
E   Errors:
E   silver_goods_receipts: unsupported operand type(s) for /: 'float' and 'str'
_ ERROR at setup of TestSilverDataQuality.test_project_actuals_null_pk_dropped _
tests\test_silver_pipeline.py:19: in silver_tables
    tables = pipeline_runner.run_pipeline(PIPELINE_PATH, spark, dlt_mock)
             ^^^^^^^^^^^^^^^^^^^^^^^^^^^^^^^^^^^^^^^^^^^^^^^^^^^^^^^^^^^^
tests\pipeline_runner.py:121: in run_pipeline
    dlt_mock.execute_pending()
tests\dlt_mock.py:129: in execute_pending
    raise RuntimeError(
E   RuntimeError: Cannot resolve dependencies for: ['silver_goods_receipts']
E   Errors:
E   silver_goods_receipts: unsupported operand type(s) for /: 'float' and 'str'
__ ERROR at setup of TestSilverDataQuality.test_sales_orders_null_pk_dropped __
tests\test_silver_pipeline.py:19: in silver_tables
    tables = pipeline_runner.run_pipeline(PIPELINE_PATH, spark, dlt_mock)
             ^^^^^^^^^^^^^^^^^^^^^^^^^^^^^^^^^^^^^^^^^^^^^^^^^^^^^^^^^^^^
tests\pipeline_runner.py:121: in run_pipeline
    dlt_mock.execute_pending()
tests\dlt_mock.py:129: in execute_pending
    raise RuntimeError(
E   RuntimeError: Cannot resolve dependencies for: ['silver_goods_receipts']
E   Errors:
E   silver_goods_receipts: unsupported operand type(s) for /: 'float' and 'str'
___ ERROR at setup of TestSilverDataQuality.test_inventory_null_pk_dropped ____
tests\test_silver_pipeline.py:19: in silver_tables
    tables = pipeline_runner.run_pipeline(PIPELINE_PATH, spark, dlt_mock)
             ^^^^^^^^^^^^^^^^^^^^^^^^^^^^^^^^^^^^^^^^^^^^^^^^^^^^^^^^^^^^
tests\pipeline_runner.py:121: in run_pipeline
    dlt_mock.execute_pending()
tests\dlt_mock.py:129: in execute_pending
    raise RuntimeError(
E   RuntimeError: Cannot resolve dependencies for: ['silver_goods_receipts']
E   Errors:
E   silver_goods_receipts: unsupported operand type(s) for /: 'float' and 'str'
_ ERROR at setup of TestSilverDataQuality.test_vendor_performance_null_pk_dropped _
tests\test_silver_pipeline.py:19: in silver_tables
    tables = pipeline_runner.run_pipeline(PIPELINE_PATH, spark, dlt_mock)
             ^^^^^^^^^^^^^^^^^^^^^^^^^^^^^^^^^^^^^^^^^^^^^^^^^^^^^^^^^^^^
tests\pipeline_runner.py:121: in run_pipeline
    dlt_mock.execute_pending()
tests\dlt_mock.py:129: in execute_pending
    raise RuntimeError(
E   RuntimeError: Cannot resolve dependencies for: ['silver_goods_receipts']
E   Errors:
E   silver_goods_receipts: unsupported operand type(s) for /: 'float' and 'str'
_ ERROR at setup of TestSilverRowCounts.test_silver_table_has_2_rows[silver_vendors] _
tests\test_silver_pipeline.py:19: in silver_tables
    tables = pipeline_runner.run_pipeline(PIPELINE_PATH, spark, dlt_mock)
             ^^^^^^^^^^^^^^^^^^^^^^^^^^^^^^^^^^^^^^^^^^^^^^^^^^^^^^^^^^^^
tests\pipeline_runner.py:121: in run_pipeline
    dlt_mock.execute_pending()
tests\dlt_mock.py:129: in execute_pending
    raise RuntimeError(
E   RuntimeError: Cannot resolve dependencies for: ['silver_goods_receipts']
E   Errors:
E   silver_goods_receipts: unsupported operand type(s) for /: 'float' and 'str'
_ ERROR at setup of TestSilverRowCounts.test_silver_table_has_2_rows[silver_projects] _
tests\test_silver_pipeline.py:19: in silver_tables
    tables = pipeline_runner.run_pipeline(PIPELINE_PATH, spark, dlt_mock)
             ^^^^^^^^^^^^^^^^^^^^^^^^^^^^^^^^^^^^^^^^^^^^^^^^^^^^^^^^^^^^
tests\pipeline_runner.py:121: in run_pipeline
    dlt_mock.execute_pending()
tests\dlt_mock.py:129: in execute_pending
    raise RuntimeError(
E   RuntimeError: Cannot resolve dependencies for: ['silver_goods_receipts']
E   Errors:
E   silver_goods_receipts: unsupported operand type(s) for /: 'float' and 'str'
_ ERROR at setup of TestSilverRowCounts.test_silver_table_has_2_rows[silver_materials] _
tests\test_silver_pipeline.py:19: in silver_tables
    tables = pipeline_runner.run_pipeline(PIPELINE_PATH, spark, dlt_mock)
             ^^^^^^^^^^^^^^^^^^^^^^^^^^^^^^^^^^^^^^^^^^^^^^^^^^^^^^^^^^^^
tests\pipeline_runner.py:121: in run_pipeline
    dlt_mock.execute_pending()
tests\dlt_mock.py:129: in execute_pending
    raise RuntimeError(
E   RuntimeError: Cannot resolve dependencies for: ['silver_goods_receipts']
E   Errors:
E   silver_goods_receipts: unsupported operand type(s) for /: 'float' and 'str'
_ ERROR at setup of TestSilverRowCounts.test_silver_table_has_2_rows[silver_employees] _
tests\test_silver_pipeline.py:19: in silver_tables
    tables = pipeline_runner.run_pipeline(PIPELINE_PATH, spark, dlt_mock)
             ^^^^^^^^^^^^^^^^^^^^^^^^^^^^^^^^^^^^^^^^^^^^^^^^^^^^^^^^^^^^
tests\pipeline_runner.py:121: in run_pipeline
    dlt_mock.execute_pending()
tests\dlt_mock.py:129: in execute_pending
    raise RuntimeError(
E   RuntimeError: Cannot resolve dependencies for: ['silver_goods_receipts']
E   Errors:
E   silver_goods_receipts: unsupported operand type(s) for /: 'float' and 'str'
_ ERROR at setup of TestSilverRowCounts.test_silver_table_has_2_rows[silver_purchase_orders] _
tests\test_silver_pipeline.py:19: in silver_tables
    tables = pipeline_runner.run_pipeline(PIPELINE_PATH, spark, dlt_mock)
             ^^^^^^^^^^^^^^^^^^^^^^^^^^^^^^^^^^^^^^^^^^^^^^^^^^^^^^^^^^^^
tests\pipeline_runner.py:121: in run_pipeline
    dlt_mock.execute_pending()
tests\dlt_mock.py:129: in execute_pending
    raise RuntimeError(
E   RuntimeError: Cannot resolve dependencies for: ['silver_goods_receipts']
E   Errors:
E   silver_goods_receipts: unsupported operand type(s) for /: 'float' and 'str'
_ ERROR at setup of TestSilverRowCounts.test_silver_table_has_2_rows[silver_po_line_items] _
tests\test_silver_pipeline.py:19: in silver_tables
    tables = pipeline_runner.run_pipeline(PIPELINE_PATH, spark, dlt_mock)
             ^^^^^^^^^^^^^^^^^^^^^^^^^^^^^^^^^^^^^^^^^^^^^^^^^^^^^^^^^^^^
tests\pipeline_runner.py:121: in run_pipeline
    dlt_mock.execute_pending()
tests\dlt_mock.py:129: in execute_pending
    raise RuntimeError(
E   RuntimeError: Cannot resolve dependencies for: ['silver_goods_receipts']
E   Errors:
E   silver_goods_receipts: unsupported operand type(s) for /: 'float' and 'str'
_ ERROR at setup of TestSilverRowCounts.test_silver_table_has_2_rows[silver_contracts] _
tests\test_silver_pipeline.py:19: in silver_tables
    tables = pipeline_runner.run_pipeline(PIPELINE_PATH, spark, dlt_mock)
             ^^^^^^^^^^^^^^^^^^^^^^^^^^^^^^^^^^^^^^^^^^^^^^^^^^^^^^^^^^^^
tests\pipeline_runner.py:121: in run_pipeline
    dlt_mock.execute_pending()
tests\dlt_mock.py:129: in execute_pending
    raise RuntimeError(
E   RuntimeError: Cannot resolve dependencies for: ['silver_goods_receipts']
E   Errors:
E   silver_goods_receipts: unsupported operand type(s) for /: 'float' and 'str'
_ ERROR at setup of TestSilverRowCounts.test_silver_table_has_2_rows[silver_contract_items] _
tests\test_silver_pipeline.py:19: in silver_tables
    tables = pipeline_runner.run_pipeline(PIPELINE_PATH, spark, dlt_mock)
             ^^^^^^^^^^^^^^^^^^^^^^^^^^^^^^^^^^^^^^^^^^^^^^^^^^^^^^^^^^^^
tests\pipeline_runner.py:121: in run_pipeline
    dlt_mock.execute_pending()
tests\dlt_mock.py:129: in execute_pending
    raise RuntimeError(
E   RuntimeError: Cannot resolve dependencies for: ['silver_goods_receipts']
E   Errors:
E   silver_goods_receipts: unsupported operand type(s) for /: 'float' and 'str'
_ ERROR at setup of TestSilverRowCounts.test_silver_table_has_2_rows[silver_invoices] _
tests\test_silver_pipeline.py:19: in silver_tables
    tables = pipeline_runner.run_pipeline(PIPELINE_PATH, spark, dlt_mock)
             ^^^^^^^^^^^^^^^^^^^^^^^^^^^^^^^^^^^^^^^^^^^^^^^^^^^^^^^^^^^^
tests\pipeline_runner.py:121: in run_pipeline
    dlt_mock.execute_pending()
tests\dlt_mock.py:129: in execute_pending
    raise RuntimeError(
E   RuntimeError: Cannot resolve dependencies for: ['silver_goods_receipts']
E   Errors:
E   silver_goods_receipts: unsupported operand type(s) for /: 'float' and 'str'
_ ERROR at setup of TestSilverRowCounts.test_silver_table_has_2_rows[silver_goods_receipts] _
tests\test_silver_pipeline.py:19: in silver_tables
    tables = pipeline_runner.run_pipeline(PIPELINE_PATH, spark, dlt_mock)
             ^^^^^^^^^^^^^^^^^^^^^^^^^^^^^^^^^^^^^^^^^^^^^^^^^^^^^^^^^^^^
tests\pipeline_runner.py:121: in run_pipeline
    dlt_mock.execute_pending()
tests\dlt_mock.py:129: in execute_pending
    raise RuntimeError(
E   RuntimeError: Cannot resolve dependencies for: ['silver_goods_receipts']
E   Errors:
E   silver_goods_receipts: unsupported operand type(s) for /: 'float' and 'str'
_ ERROR at setup of TestSilverRowCounts.test_silver_table_has_2_rows[silver_project_budgets] _
tests\test_silver_pipeline.py:19: in silver_tables
    tables = pipeline_runner.run_pipeline(PIPELINE_PATH, spark, dlt_mock)
             ^^^^^^^^^^^^^^^^^^^^^^^^^^^^^^^^^^^^^^^^^^^^^^^^^^^^^^^^^^^^
tests\pipeline_runner.py:121: in run_pipeline
    dlt_mock.execute_pending()
tests\dlt_mock.py:129: in execute_pending
    raise RuntimeError(
E   RuntimeError: Cannot resolve dependencies for: ['silver_goods_receipts']
E   Errors:
E   silver_goods_receipts: unsupported operand type(s) for /: 'float' and 'str'
_ ERROR at setup of TestSilverRowCounts.test_silver_table_has_2_rows[silver_project_actuals] _
tests\test_silver_pipeline.py:19: in silver_tables
    tables = pipeline_runner.run_pipeline(PIPELINE_PATH, spark, dlt_mock)
             ^^^^^^^^^^^^^^^^^^^^^^^^^^^^^^^^^^^^^^^^^^^^^^^^^^^^^^^^^^^^
tests\pipeline_runner.py:121: in run_pipeline
    dlt_mock.execute_pending()
tests\dlt_mock.py:129: in execute_pending
    raise RuntimeError(
E   RuntimeError: Cannot resolve dependencies for: ['silver_goods_receipts']
E   Errors:
E   silver_goods_receipts: unsupported operand type(s) for /: 'float' and 'str'
_ ERROR at setup of TestSilverRowCounts.test_silver_table_has_2_rows[silver_sales_orders] _
tests\test_silver_pipeline.py:19: in silver_tables
    tables = pipeline_runner.run_pipeline(PIPELINE_PATH, spark, dlt_mock)
             ^^^^^^^^^^^^^^^^^^^^^^^^^^^^^^^^^^^^^^^^^^^^^^^^^^^^^^^^^^^^
tests\pipeline_runner.py:121: in run_pipeline
    dlt_mock.execute_pending()
tests\dlt_mock.py:129: in execute_pending
    raise RuntimeError(
E   RuntimeError: Cannot resolve dependencies for: ['silver_goods_receipts']
E   Errors:
E   silver_goods_receipts: unsupported operand type(s) for /: 'float' and 'str'
_ ERROR at setup of TestSilverRowCounts.test_silver_table_has_2_rows[silver_inventory] _
tests\test_silver_pipeline.py:19: in silver_tables
    tables = pipeline_runner.run_pipeline(PIPELINE_PATH, spark, dlt_mock)
             ^^^^^^^^^^^^^^^^^^^^^^^^^^^^^^^^^^^^^^^^^^^^^^^^^^^^^^^^^^^^
tests\pipeline_runner.py:121: in run_pipeline
    dlt_mock.execute_pending()
tests\dlt_mock.py:129: in execute_pending
    raise RuntimeError(
E   RuntimeError: Cannot resolve dependencies for: ['silver_goods_receipts']
E   Errors:
E   silver_goods_receipts: unsupported operand type(s) for /: 'float' and 'str'
_ ERROR at setup of TestSilverRowCounts.test_silver_table_has_2_rows[silver_vendor_performance] _
tests\test_silver_pipeline.py:19: in silver_tables
    tables = pipeline_runner.run_pipeline(PIPELINE_PATH, spark, dlt_mock)
             ^^^^^^^^^^^^^^^^^^^^^^^^^^^^^^^^^^^^^^^^^^^^^^^^^^^^^^^^^^^^
tests\pipeline_runner.py:121: in run_pipeline
    dlt_mock.execute_pending()
tests\dlt_mock.py:129: in execute_pending
    raise RuntimeError(
E   RuntimeError: Cannot resolve dependencies for: ['silver_goods_receipts']
E   Errors:
E   silver_goods_receipts: unsupported operand type(s) for /: 'float' and 'str'
____ ERROR at setup of TestSilverVendorTransforms.test_vendor_name_trimmed ____
tests\test_silver_pipeline.py:19: in silver_tables
    tables = pipeline_runner.run_pipeline(PIPELINE_PATH, spark, dlt_mock)
             ^^^^^^^^^^^^^^^^^^^^^^^^^^^^^^^^^^^^^^^^^^^^^^^^^^^^^^^^^^^^
tests\pipeline_runner.py:121: in run_pipeline
    dlt_mock.execute_pending()
tests\dlt_mock.py:129: in execute_pending
    raise RuntimeError(
E   RuntimeError: Cannot resolve dependencies for: ['silver_goods_receipts']
E   Errors:
E   silver_goods_receipts: unsupported operand type(s) for /: 'float' and 'str'
____ ERROR at setup of TestSilverVendorTransforms.test_country_uppercased _____
tests\test_silver_pipeline.py:19: in silver_tables
    tables = pipeline_runner.run_pipeline(PIPELINE_PATH, spark, dlt_mock)
             ^^^^^^^^^^^^^^^^^^^^^^^^^^^^^^^^^^^^^^^^^^^^^^^^^^^^^^^^^^^^
tests\pipeline_runner.py:121: in run_pipeline
    dlt_mock.execute_pending()
tests\dlt_mock.py:129: in execute_pending
    raise RuntimeError(
E   RuntimeError: Cannot resolve dependencies for: ['silver_goods_receipts']
E   Errors:
E   silver_goods_receipts: unsupported operand type(s) for /: 'float' and 'str'
_ ERROR at setup of TestSilverVendorTransforms.test_performance_rating_is_double _
tests\test_silver_pipeline.py:19: in silver_tables
    tables = pipeline_runner.run_pipeline(PIPELINE_PATH, spark, dlt_mock)
             ^^^^^^^^^^^^^^^^^^^^^^^^^^^^^^^^^^^^^^^^^^^^^^^^^^^^^^^^^^^^
tests\pipeline_runner.py:121: in run_pipeline
    dlt_mock.execute_pending()
tests\dlt_mock.py:129: in execute_pending
    raise RuntimeError(
E   RuntimeError: Cannot resolve dependencies for: ['silver_goods_receipts']
E   Errors:
E   silver_goods_receipts: unsupported operand type(s) for /: 'float' and 'str'
_ ERROR at setup of TestSilverVendorTransforms.test_payment_terms_is_integer __
tests\test_silver_pipeline.py:19: in silver_tables
    tables = pipeline_runner.run_pipeline(PIPELINE_PATH, spark, dlt_mock)
             ^^^^^^^^^^^^^^^^^^^^^^^^^^^^^^^^^^^^^^^^^^^^^^^^^^^^^^^^^^^^
tests\pipeline_runner.py:121: in run_pipeline
    dlt_mock.execute_pending()
tests\dlt_mock.py:129: in execute_pending
    raise RuntimeError(
E   RuntimeError: Cannot resolve dependencies for: ['silver_goods_receipts']
E   Errors:
E   silver_goods_receipts: unsupported operand type(s) for /: 'float' and 'str'
_ ERROR at setup of TestSilverVendorTransforms.test_metadata_columns_dropped __
tests\test_silver_pipeline.py:19: in silver_tables
    tables = pipeline_runner.run_pipeline(PIPELINE_PATH, spark, dlt_mock)
             ^^^^^^^^^^^^^^^^^^^^^^^^^^^^^^^^^^^^^^^^^^^^^^^^^^^^^^^^^^^^
tests\pipeline_runner.py:121: in run_pipeline
    dlt_mock.execute_pending()
tests\dlt_mock.py:129: in execute_pending
    raise RuntimeError(
E   RuntimeError: Cannot resolve dependencies for: ['silver_goods_receipts']
E   Errors:
E   silver_goods_receipts: unsupported operand type(s) for /: 'float' and 'str'
__ ERROR at setup of TestSilverVendorTransforms.test_silver_timestamp_added ___
tests\test_silver_pipeline.py:19: in silver_tables
    tables = pipeline_runner.run_pipeline(PIPELINE_PATH, spark, dlt_mock)
             ^^^^^^^^^^^^^^^^^^^^^^^^^^^^^^^^^^^^^^^^^^^^^^^^^^^^^^^^^^^^
tests\pipeline_runner.py:121: in run_pipeline
    dlt_mock.execute_pending()
tests\dlt_mock.py:129: in execute_pending
    raise RuntimeError(
E   RuntimeError: Cannot resolve dependencies for: ['silver_goods_receipts']
E   Errors:
E   silver_goods_receipts: unsupported operand type(s) for /: 'float' and 'str'
___ ERROR at setup of TestSilverProjectTransforms.test_project_name_trimmed ___
tests\test_silver_pipeline.py:19: in silver_tables
    tables = pipeline_runner.run_pipeline(PIPELINE_PATH, spark, dlt_mock)
             ^^^^^^^^^^^^^^^^^^^^^^^^^^^^^^^^^^^^^^^^^^^^^^^^^^^^^^^^^^^^
tests\pipeline_runner.py:121: in run_pipeline
    dlt_mock.execute_pending()
tests\dlt_mock.py:129: in execute_pending
    raise RuntimeError(
E   RuntimeError: Cannot resolve dependencies for: ['silver_goods_receipts']
E   Errors:
E   silver_goods_receipts: unsupported operand type(s) for /: 'float' and 'str'
_ ERROR at setup of TestSilverProjectTransforms.test_dates_cast_to_date_type __
tests\test_silver_pipeline.py:19: in silver_tables
    tables = pipeline_runner.run_pipeline(PIPELINE_PATH, spark, dlt_mock)
             ^^^^^^^^^^^^^^^^^^^^^^^^^^^^^^^^^^^^^^^^^^^^^^^^^^^^^^^^^^^^
tests\pipeline_runner.py:121: in run_pipeline
    dlt_mock.execute_pending()
tests\dlt_mock.py:129: in execute_pending
    raise RuntimeError(
E   RuntimeError: Cannot resolve dependencies for: ['silver_goods_receipts']
E   Errors:
E   silver_goods_receipts: unsupported operand type(s) for /: 'float' and 'str'
_ ERROR at setup of TestSilverProjectTransforms.test_planned_duration_days_calculated _
tests\test_silver_pipeline.py:19: in silver_tables
    tables = pipeline_runner.run_pipeline(PIPELINE_PATH, spark, dlt_mock)
             ^^^^^^^^^^^^^^^^^^^^^^^^^^^^^^^^^^^^^^^^^^^^^^^^^^^^^^^^^^^^
tests\pipeline_runner.py:121: in run_pipeline
    dlt_mock.execute_pending()
tests\dlt_mock.py:129: in execute_pending
    raise RuntimeError(
E   RuntimeError: Cannot resolve dependencies for: ['silver_goods_receipts']
E   Errors:
E   silver_goods_receipts: unsupported operand type(s) for /: 'float' and 'str'
_ ERROR at setup of TestSilverProjectTransforms.test_budget_variance_pct_calculated _
tests\test_silver_pipeline.py:19: in silver_tables
    tables = pipeline_runner.run_pipeline(PIPELINE_PATH, spark, dlt_mock)
             ^^^^^^^^^^^^^^^^^^^^^^^^^^^^^^^^^^^^^^^^^^^^^^^^^^^^^^^^^^^^
tests\pipeline_runner.py:121: in run_pipeline
    dlt_mock.execute_pending()
tests\dlt_mock.py:129: in execute_pending
    raise RuntimeError(
E   RuntimeError: Cannot resolve dependencies for: ['silver_goods_receipts']
E   Errors:
E   silver_goods_receipts: unsupported operand type(s) for /: 'float' and 'str'
___ ERROR at setup of TestSilverMaterialTransforms.test_category_uppercased ___
tests\test_silver_pipeline.py:19: in silver_tables
    tables = pipeline_runner.run_pipeline(PIPELINE_PATH, spark, dlt_mock)
             ^^^^^^^^^^^^^^^^^^^^^^^^^^^^^^^^^^^^^^^^^^^^^^^^^^^^^^^^^^^^
tests\pipeline_runner.py:121: in run_pipeline
    dlt_mock.execute_pending()
tests\dlt_mock.py:129: in execute_pending
    raise RuntimeError(
E   RuntimeError: Cannot resolve dependencies for: ['silver_goods_receipts']
E   Errors:
E   silver_goods_receipts: unsupported operand type(s) for /: 'float' and 'str'
_ ERROR at setup of TestSilverMaterialTransforms.test_active_to_is_active_boolean _
tests\test_silver_pipeline.py:19: in silver_tables
    tables = pipeline_runner.run_pipeline(PIPELINE_PATH, spark, dlt_mock)
             ^^^^^^^^^^^^^^^^^^^^^^^^^^^^^^^^^^^^^^^^^^^^^^^^^^^^^^^^^^^^
tests\pipeline_runner.py:121: in run_pipeline
    dlt_mock.execute_pending()
tests\dlt_mock.py:129: in execute_pending
    raise RuntimeError(
E   RuntimeError: Cannot resolve dependencies for: ['silver_goods_receipts']
E   Errors:
E   silver_goods_receipts: unsupported operand type(s) for /: 'float' and 'str'
_ ERROR at setup of TestSilverEmployeeTransforms.test_full_name_concatenated __
tests\test_silver_pipeline.py:19: in silver_tables
    tables = pipeline_runner.run_pipeline(PIPELINE_PATH, spark, dlt_mock)
             ^^^^^^^^^^^^^^^^^^^^^^^^^^^^^^^^^^^^^^^^^^^^^^^^^^^^^^^^^^^^
tests\pipeline_runner.py:121: in run_pipeline
    dlt_mock.execute_pending()
tests\dlt_mock.py:129: in execute_pending
    raise RuntimeError(
E   RuntimeError: Cannot resolve dependencies for: ['silver_goods_receipts']
E   Errors:
E   silver_goods_receipts: unsupported operand type(s) for /: 'float' and 'str'
_ ERROR at setup of TestSilverEmployeeTransforms.test_full_name_trimmed_parts _
tests\test_silver_pipeline.py:19: in silver_tables
    tables = pipeline_runner.run_pipeline(PIPELINE_PATH, spark, dlt_mock)
             ^^^^^^^^^^^^^^^^^^^^^^^^^^^^^^^^^^^^^^^^^^^^^^^^^^^^^^^^^^^^
tests\pipeline_runner.py:121: in run_pipeline
    dlt_mock.execute_pending()
tests\dlt_mock.py:129: in execute_pending
    raise RuntimeError(
E   RuntimeError: Cannot resolve dependencies for: ['silver_goods_receipts']
E   Errors:
E   silver_goods_receipts: unsupported operand type(s) for /: 'float' and 'str'
__ ERROR at setup of TestSilverEmployeeTransforms.test_department_uppercased __
tests\test_silver_pipeline.py:19: in silver_tables
    tables = pipeline_runner.run_pipeline(PIPELINE_PATH, spark, dlt_mock)
             ^^^^^^^^^^^^^^^^^^^^^^^^^^^^^^^^^^^^^^^^^^^^^^^^^^^^^^^^^^^^
tests\pipeline_runner.py:121: in run_pipeline
    dlt_mock.execute_pending()
tests\dlt_mock.py:129: in execute_pending
    raise RuntimeError(
E   RuntimeError: Cannot resolve dependencies for: ['silver_goods_receipts']
E   Errors:
E   silver_goods_receipts: unsupported operand type(s) for /: 'float' and 'str'
_ ERROR at setup of TestSilverPurchaseOrderTransforms.test_po_status_uppercased _
tests\test_silver_pipeline.py:19: in silver_tables
    tables = pipeline_runner.run_pipeline(PIPELINE_PATH, spark, dlt_mock)
             ^^^^^^^^^^^^^^^^^^^^^^^^^^^^^^^^^^^^^^^^^^^^^^^^^^^^^^^^^^^^
tests\pipeline_runner.py:121: in run_pipeline
    dlt_mock.execute_pending()
tests\dlt_mock.py:129: in execute_pending
    raise RuntimeError(
E   RuntimeError: Cannot resolve dependencies for: ['silver_goods_receipts']
E   Errors:
E   silver_goods_receipts: unsupported operand type(s) for /: 'float' and 'str'
_____ ERROR at setup of TestSilverPurchaseOrderTransforms.test_dates_cast _____
tests\test_silver_pipeline.py:19: in silver_tables
    tables = pipeline_runner.run_pipeline(PIPELINE_PATH, spark, dlt_mock)
             ^^^^^^^^^^^^^^^^^^^^^^^^^^^^^^^^^^^^^^^^^^^^^^^^^^^^^^^^^^^^
tests\pipeline_runner.py:121: in run_pipeline
    dlt_mock.execute_pending()
tests\dlt_mock.py:129: in execute_pending
    raise RuntimeError(
E   RuntimeError: Cannot resolve dependencies for: ['silver_goods_receipts']
E   Errors:
E   silver_goods_receipts: unsupported operand type(s) for /: 'float' and 'str'
__ ERROR at setup of TestSilverPurchaseOrderTransforms.test_order_date_alias __
tests\test_silver_pipeline.py:19: in silver_tables
    tables = pipeline_runner.run_pipeline(PIPELINE_PATH, spark, dlt_mock)
             ^^^^^^^^^^^^^^^^^^^^^^^^^^^^^^^^^^^^^^^^^^^^^^^^^^^^^^^^^^^^
tests\pipeline_runner.py:121: in run_pipeline
    dlt_mock.execute_pending()
tests\dlt_mock.py:129: in execute_pending
    raise RuntimeError(
E   RuntimeError: Cannot resolve dependencies for: ['silver_goods_receipts']
E   Errors:
E   silver_goods_receipts: unsupported operand type(s) for /: 'float' and 'str'
_ ERROR at setup of TestSilverPoLineItemTransforms.test_fulfillment_rate_calculated _
tests\test_silver_pipeline.py:19: in silver_tables
    tables = pipeline_runner.run_pipeline(PIPELINE_PATH, spark, dlt_mock)
             ^^^^^^^^^^^^^^^^^^^^^^^^^^^^^^^^^^^^^^^^^^^^^^^^^^^^^^^^^^^^
tests\pipeline_runner.py:121: in run_pipeline
    dlt_mock.execute_pending()
tests\dlt_mock.py:129: in execute_pending
    raise RuntimeError(
E   RuntimeError: Cannot resolve dependencies for: ['silver_goods_receipts']
E   Errors:
E   silver_goods_receipts: unsupported operand type(s) for /: 'float' and 'str'
_ ERROR at setup of TestSilverPoLineItemTransforms.test_acceptance_rate_calculated _
tests\test_silver_pipeline.py:19: in silver_tables
    tables = pipeline_runner.run_pipeline(PIPELINE_PATH, spark, dlt_mock)
             ^^^^^^^^^^^^^^^^^^^^^^^^^^^^^^^^^^^^^^^^^^^^^^^^^^^^^^^^^^^^
tests\pipeline_runner.py:121: in run_pipeline
    dlt_mock.execute_pending()
tests\dlt_mock.py:129: in execute_pending
    raise RuntimeError(
E   RuntimeError: Cannot resolve dependencies for: ['silver_goods_receipts']
E   Errors:
E   silver_goods_receipts: unsupported operand type(s) for /: 'float' and 'str'
_ ERROR at setup of TestSilverContractTransforms.test_contract_duration_days __
tests\test_silver_pipeline.py:19: in silver_tables
    tables = pipeline_runner.run_pipeline(PIPELINE_PATH, spark, dlt_mock)
             ^^^^^^^^^^^^^^^^^^^^^^^^^^^^^^^^^^^^^^^^^^^^^^^^^^^^^^^^^^^^
tests\pipeline_runner.py:121: in run_pipeline
    dlt_mock.execute_pending()
tests\dlt_mock.py:129: in execute_pending
    raise RuntimeError(
E   RuntimeError: Cannot resolve dependencies for: ['silver_goods_receipts']
E   Errors:
E   silver_goods_receipts: unsupported operand type(s) for /: 'float' and 'str'
____ ERROR at setup of TestSilverContractTransforms.test_status_uppercased ____
tests\test_silver_pipeline.py:19: in silver_tables
    tables = pipeline_runner.run_pipeline(PIPELINE_PATH, spark, dlt_mock)
             ^^^^^^^^^^^^^^^^^^^^^^^^^^^^^^^^^^^^^^^^^^^^^^^^^^^^^^^^^^^^
tests\pipeline_runner.py:121: in run_pipeline
    dlt_mock.execute_pending()
tests\dlt_mock.py:129: in execute_pending
    raise RuntimeError(
E   RuntimeError: Cannot resolve dependencies for: ['silver_goods_receipts']
E   Errors:
E   silver_goods_receipts: unsupported operand type(s) for /: 'float' and 'str'
_____ ERROR at setup of TestSilverContractTransforms.test_type_uppercased _____
tests\test_silver_pipeline.py:19: in silver_tables
    tables = pipeline_runner.run_pipeline(PIPELINE_PATH, spark, dlt_mock)
             ^^^^^^^^^^^^^^^^^^^^^^^^^^^^^^^^^^^^^^^^^^^^^^^^^^^^^^^^^^^^
tests\pipeline_runner.py:121: in run_pipeline
    dlt_mock.execute_pending()
tests\dlt_mock.py:129: in execute_pending
    raise RuntimeError(
E   RuntimeError: Cannot resolve dependencies for: ['silver_goods_receipts']
E   Errors:
E   silver_goods_receipts: unsupported operand type(s) for /: 'float' and 'str'
_ ERROR at setup of TestSilverContractItemTransforms.test_quantity_cast_to_double _
tests\test_silver_pipeline.py:19: in silver_tables
    tables = pipeline_runner.run_pipeline(PIPELINE_PATH, spark, dlt_mock)
             ^^^^^^^^^^^^^^^^^^^^^^^^^^^^^^^^^^^^^^^^^^^^^^^^^^^^^^^^^^^^
tests\pipeline_runner.py:121: in run_pipeline
    dlt_mock.execute_pending()
tests\dlt_mock.py:129: in execute_pending
    raise RuntimeError(
E   RuntimeError: Cannot resolve dependencies for: ['silver_goods_receipts']
E   Errors:
E   silver_goods_receipts: unsupported operand type(s) for /: 'float' and 'str'
__ ERROR at setup of TestSilverInvoiceTransforms.test_days_to_pay_calculated __
tests\test_silver_pipeline.py:19: in silver_tables
    tables = pipeline_runner.run_pipeline(PIPELINE_PATH, spark, dlt_mock)
             ^^^^^^^^^^^^^^^^^^^^^^^^^^^^^^^^^^^^^^^^^^^^^^^^^^^^^^^^^^^^
tests\pipeline_runner.py:121: in run_pipeline
    dlt_mock.execute_pending()
tests\dlt_mock.py:129: in execute_pending
    raise RuntimeError(
E   RuntimeError: Cannot resolve dependencies for: ['silver_goods_receipts']
E   Errors:
E   silver_goods_receipts: unsupported operand type(s) for /: 'float' and 'str'
_ ERROR at setup of TestSilverInvoiceTransforms.test_days_overdue_for_unpaid __
tests\test_silver_pipeline.py:19: in silver_tables
    tables = pipeline_runner.run_pipeline(PIPELINE_PATH, spark, dlt_mock)
             ^^^^^^^^^^^^^^^^^^^^^^^^^^^^^^^^^^^^^^^^^^^^^^^^^^^^^^^^^^^^
tests\pipeline_runner.py:121: in run_pipeline
    dlt_mock.execute_pending()
tests\dlt_mock.py:129: in execute_pending
    raise RuntimeError(
E   RuntimeError: Cannot resolve dependencies for: ['silver_goods_receipts']
E   Errors:
E   silver_goods_receipts: unsupported operand type(s) for /: 'float' and 'str'
_ ERROR at setup of TestSilverGoodsReceiptTransforms.test_qty_delivered_renamed_to_qty_received _
tests\test_silver_pipeline.py:19: in silver_tables
    tables = pipeline_runner.run_pipeline(PIPELINE_PATH, spark, dlt_mock)
             ^^^^^^^^^^^^^^^^^^^^^^^^^^^^^^^^^^^^^^^^^^^^^^^^^^^^^^^^^^^^
tests\pipeline_runner.py:121: in run_pipeline
    dlt_mock.execute_pending()
tests\dlt_mock.py:129: in execute_pending
    raise RuntimeError(
E   RuntimeError: Cannot resolve dependencies for: ['silver_goods_receipts']
E   Errors:
E   silver_goods_receipts: unsupported operand type(s) for /: 'float' and 'str'
_ ERROR at setup of TestSilverGoodsReceiptTransforms.test_rejection_rate_calculated _
tests\test_silver_pipeline.py:19: in silver_tables
    tables = pipeline_runner.run_pipeline(PIPELINE_PATH, spark, dlt_mock)
             ^^^^^^^^^^^^^^^^^^^^^^^^^^^^^^^^^^^^^^^^^^^^^^^^^^^^^^^^^^^^
tests\pipeline_runner.py:121: in run_pipeline
    dlt_mock.execute_pending()
tests\dlt_mock.py:129: in execute_pending
    raise RuntimeError(
E   RuntimeError: Cannot resolve dependencies for: ['silver_goods_receipts']
E   Errors:
E   silver_goods_receipts: unsupported operand type(s) for /: 'float' and 'str'
___ ERROR at setup of TestSilverProjectBudgetTransforms.test_column_renames ___
tests\test_silver_pipeline.py:19: in silver_tables
    tables = pipeline_runner.run_pipeline(PIPELINE_PATH, spark, dlt_mock)
             ^^^^^^^^^^^^^^^^^^^^^^^^^^^^^^^^^^^^^^^^^^^^^^^^^^^^^^^^^^^^
tests\pipeline_runner.py:121: in run_pipeline
    dlt_mock.execute_pending()
tests\dlt_mock.py:129: in execute_pending
    raise RuntimeError(
E   RuntimeError: Cannot resolve dependencies for: ['silver_goods_receipts']
E   Errors:
E   silver_goods_receipts: unsupported operand type(s) for /: 'float' and 'str'
_ ERROR at setup of TestSilverProjectBudgetTransforms.test_remaining_amount_calculated _
tests\test_silver_pipeline.py:19: in silver_tables
    tables = pipeline_runner.run_pipeline(PIPELINE_PATH, spark, dlt_mock)
             ^^^^^^^^^^^^^^^^^^^^^^^^^^^^^^^^^^^^^^^^^^^^^^^^^^^^^^^^^^^^
tests\pipeline_runner.py:121: in run_pipeline
    dlt_mock.execute_pending()
tests\dlt_mock.py:129: in execute_pending
    raise RuntimeError(
E   RuntimeError: Cannot resolve dependencies for: ['silver_goods_receipts']
E   Errors:
E   silver_goods_receipts: unsupported operand type(s) for /: 'float' and 'str'
_ ERROR at setup of TestSilverProjectBudgetTransforms.test_utilization_pct_calculated _
tests\test_silver_pipeline.py:19: in silver_tables
    tables = pipeline_runner.run_pipeline(PIPELINE_PATH, spark, dlt_mock)
             ^^^^^^^^^^^^^^^^^^^^^^^^^^^^^^^^^^^^^^^^^^^^^^^^^^^^^^^^^^^^
tests\pipeline_runner.py:121: in run_pipeline
    dlt_mock.execute_pending()
tests\dlt_mock.py:129: in execute_pending
    raise RuntimeError(
E   RuntimeError: Cannot resolve dependencies for: ['silver_goods_receipts']
E   Errors:
E   silver_goods_receipts: unsupported operand type(s) for /: 'float' and 'str'
_ ERROR at setup of TestSilverProjectActualTransforms.test_cost_category_derived _
tests\test_silver_pipeline.py:19: in silver_tables
    tables = pipeline_runner.run_pipeline(PIPELINE_PATH, spark, dlt_mock)
             ^^^^^^^^^^^^^^^^^^^^^^^^^^^^^^^^^^^^^^^^^^^^^^^^^^^^^^^^^^^^
tests\pipeline_runner.py:121: in run_pipeline
    dlt_mock.execute_pending()
tests\dlt_mock.py:129: in execute_pending
    raise RuntimeError(
E   RuntimeError: Cannot resolve dependencies for: ['silver_goods_receipts']
E   Errors:
E   silver_goods_receipts: unsupported operand type(s) for /: 'float' and 'str'
_ ERROR at setup of TestSilverProjectActualTransforms.test_trimmed_cost_type __
tests\test_silver_pipeline.py:19: in silver_tables
    tables = pipeline_runner.run_pipeline(PIPELINE_PATH, spark, dlt_mock)
             ^^^^^^^^^^^^^^^^^^^^^^^^^^^^^^^^^^^^^^^^^^^^^^^^^^^^^^^^^^^^
tests\pipeline_runner.py:121: in run_pipeline
    dlt_mock.execute_pending()
tests\dlt_mock.py:129: in execute_pending
    raise RuntimeError(
E   RuntimeError: Cannot resolve dependencies for: ['silver_goods_receipts']
E   Errors:
E   silver_goods_receipts: unsupported operand type(s) for /: 'float' and 'str'
_ ERROR at setup of TestSilverSalesOrderTransforms.test_order_value_from_revenue _
tests\test_silver_pipeline.py:19: in silver_tables
    tables = pipeline_runner.run_pipeline(PIPELINE_PATH, spark, dlt_mock)
             ^^^^^^^^^^^^^^^^^^^^^^^^^^^^^^^^^^^^^^^^^^^^^^^^^^^^^^^^^^^^
tests\pipeline_runner.py:121: in run_pipeline
    dlt_mock.execute_pending()
tests\dlt_mock.py:129: in execute_pending
    raise RuntimeError(
E   RuntimeError: Cannot resolve dependencies for: ['silver_goods_receipts']
E   Errors:
E   silver_goods_receipts: unsupported operand type(s) for /: 'float' and 'str'
_ ERROR at setup of TestSilverSalesOrderTransforms.test_total_value_from_total_amount _
tests\test_silver_pipeline.py:19: in silver_tables
    tables = pipeline_runner.run_pipeline(PIPELINE_PATH, spark, dlt_mock)
             ^^^^^^^^^^^^^^^^^^^^^^^^^^^^^^^^^^^^^^^^^^^^^^^^^^^^^^^^^^^^
tests\pipeline_runner.py:121: in run_pipeline
    dlt_mock.execute_pending()
tests\dlt_mock.py:129: in execute_pending
    raise RuntimeError(
E   RuntimeError: Cannot resolve dependencies for: ['silver_goods_receipts']
E   Errors:
E   silver_goods_receipts: unsupported operand type(s) for /: 'float' and 'str'
_ ERROR at setup of TestSilverSalesOrderTransforms.test_customer_name_trimmed _
tests\test_silver_pipeline.py:19: in silver_tables
    tables = pipeline_runner.run_pipeline(PIPELINE_PATH, spark, dlt_mock)
             ^^^^^^^^^^^^^^^^^^^^^^^^^^^^^^^^^^^^^^^^^^^^^^^^^^^^^^^^^^^^
tests\pipeline_runner.py:121: in run_pipeline
    dlt_mock.execute_pending()
tests\dlt_mock.py:129: in execute_pending
    raise RuntimeError(
E   RuntimeError: Cannot resolve dependencies for: ['silver_goods_receipts']
E   Errors:
E   silver_goods_receipts: unsupported operand type(s) for /: 'float' and 'str'
_ ERROR at setup of TestSilverInventoryTransforms.test_total_cost_from_total_value _
tests\test_silver_pipeline.py:19: in silver_tables
    tables = pipeline_runner.run_pipeline(PIPELINE_PATH, spark, dlt_mock)
             ^^^^^^^^^^^^^^^^^^^^^^^^^^^^^^^^^^^^^^^^^^^^^^^^^^^^^^^^^^^^
tests\pipeline_runner.py:121: in run_pipeline
    dlt_mock.execute_pending()
tests\dlt_mock.py:129: in execute_pending
    raise RuntimeError(
E   RuntimeError: Cannot resolve dependencies for: ['silver_goods_receipts']
E   Errors:
E   silver_goods_receipts: unsupported operand type(s) for /: 'float' and 'str'
_ ERROR at setup of TestSilverInventoryTransforms.test_movement_type_uppercased _
tests\test_silver_pipeline.py:19: in silver_tables
    tables = pipeline_runner.run_pipeline(PIPELINE_PATH, spark, dlt_mock)
             ^^^^^^^^^^^^^^^^^^^^^^^^^^^^^^^^^^^^^^^^^^^^^^^^^^^^^^^^^^^^
tests\pipeline_runner.py:121: in run_pipeline
    dlt_mock.execute_pending()
tests\dlt_mock.py:129: in execute_pending
    raise RuntimeError(
E   RuntimeError: Cannot resolve dependencies for: ['silver_goods_receipts']
E   Errors:
E   silver_goods_receipts: unsupported operand type(s) for /: 'float' and 'str'
_ ERROR at setup of TestSilverVendorPerformanceTransforms.test_overall_score_from_composite _
tests\test_silver_pipeline.py:19: in silver_tables
    tables = pipeline_runner.run_pipeline(PIPELINE_PATH, spark, dlt_mock)
             ^^^^^^^^^^^^^^^^^^^^^^^^^^^^^^^^^^^^^^^^^^^^^^^^^^^^^^^^^^^^
tests\pipeline_runner.py:121: in run_pipeline
    dlt_mock.execute_pending()
tests\dlt_mock.py:129: in execute_pending
    raise RuntimeError(
E   RuntimeError: Cannot resolve dependencies for: ['silver_goods_receipts']
E   Errors:
E   silver_goods_receipts: unsupported operand type(s) for /: 'float' and 'str'
_ ERROR at setup of TestSilverVendorPerformanceTransforms.test_overall_score_value _
tests\test_silver_pipeline.py:19: in silver_tables
    tables = pipeline_runner.run_pipeline(PIPELINE_PATH, spark, dlt_mock)
             ^^^^^^^^^^^^^^^^^^^^^^^^^^^^^^^^^^^^^^^^^^^^^^^^^^^^^^^^^^^^
tests\pipeline_runner.py:121: in run_pipeline
    dlt_mock.execute_pending()
tests\dlt_mock.py:129: in execute_pending
    raise RuntimeError(
E   RuntimeError: Cannot resolve dependencies for: ['silver_goods_receipts']
E   Errors:
E   silver_goods_receipts: unsupported operand type(s) for /: 'float' and 'str'
=========================== short test summary info ===========================
ERROR tests/test_silver_pipeline.py::TestSilverPipelineExecution::test_silver_pipeline_creates_15_tables - RuntimeError: Cannot resolve dependencies for: ['silver_goods_receipts']
Errors:
silver_goods_receipts: unsupported operand type(s) for /: 'float' and 'str'
ERROR tests/test_silver_pipeline.py::TestSilverPipelineExecution::test_silver_tables_not_empty - RuntimeError: Cannot resolve dependencies for: ['silver_goods_receipts']
Errors:
silver_goods_receipts: unsupported operand type(s) for /: 'float' and 'str'
ERROR tests/test_silver_pipeline.py::TestSilverDataQuality::test_vendors_null_pk_dropped - RuntimeError: Cannot resolve dependencies for: ['silver_goods_receipts']
Errors:
silver_goods_receipts: unsupported operand type(s) for /: 'float' and 'str'
ERROR tests/test_silver_pipeline.py::TestSilverDataQuality::test_projects_null_pk_dropped - RuntimeError: Cannot resolve dependencies for: ['silver_goods_receipts']
Errors:
silver_goods_receipts: unsupported operand type(s) for /: 'float' and 'str'
ERROR tests/test_silver_pipeline.py::TestSilverDataQuality::test_materials_null_pk_dropped - RuntimeError: Cannot resolve dependencies for: ['silver_goods_receipts']
Errors:
silver_goods_receipts: unsupported operand type(s) for /: 'float' and 'str'
ERROR tests/test_silver_pipeline.py::TestSilverDataQuality::test_employees_null_pk_dropped - RuntimeError: Cannot resolve dependencies for: ['silver_goods_receipts']
Errors:
silver_goods_receipts: unsupported operand type(s) for /: 'float' and 'str'
ERROR tests/test_silver_pipeline.py::TestSilverDataQuality::test_purchase_orders_null_pk_dropped - RuntimeError: Cannot resolve dependencies for: ['silver_goods_receipts']
Errors:
silver_goods_receipts: unsupported operand type(s) for /: 'float' and 'str'
ERROR tests/test_silver_pipeline.py::TestSilverDataQuality::test_po_line_items_null_pk_dropped - RuntimeError: Cannot resolve dependencies for: ['silver_goods_receipts']
Errors:
silver_goods_receipts: unsupported operand type(s) for /: 'float' and 'str'
ERROR tests/test_silver_pipeline.py::TestSilverDataQuality::test_contracts_null_pk_dropped - RuntimeError: Cannot resolve dependencies for: ['silver_goods_receipts']
Errors:
silver_goods_receipts: unsupported operand type(s) for /: 'float' and 'str'
ERROR tests/test_silver_pipeline.py::TestSilverDataQuality::test_contract_items_null_pk_dropped - RuntimeError: Cannot resolve dependencies for: ['silver_goods_receipts']
Errors:
silver_goods_receipts: unsupported operand type(s) for /: 'float' and 'str'
ERROR tests/test_silver_pipeline.py::TestSilverDataQuality::test_invoices_null_pk_dropped - RuntimeError: Cannot resolve dependencies for: ['silver_goods_receipts']
Errors:
silver_goods_receipts: unsupported operand type(s) for /: 'float' and 'str'
ERROR tests/test_silver_pipeline.py::TestSilverDataQuality::test_goods_receipts_null_pk_dropped - RuntimeError: Cannot resolve dependencies for: ['silver_goods_receipts']
Errors:
silver_goods_receipts: unsupported operand type(s) for /: 'float' and 'str'
ERROR tests/test_silver_pipeline.py::TestSilverDataQuality::test_project_budgets_null_pk_dropped - RuntimeError: Cannot resolve dependencies for: ['silver_goods_receipts']
Errors:
silver_goods_receipts: unsupported operand type(s) for /: 'float' and 'str'
ERROR tests/test_silver_pipeline.py::TestSilverDataQuality::test_project_actuals_null_pk_dropped - RuntimeError: Cannot resolve dependencies for: ['silver_goods_receipts']
Errors:
silver_goods_receipts: unsupported operand type(s) for /: 'float' and 'str'
ERROR tests/test_silver_pipeline.py::TestSilverDataQuality::test_sales_orders_null_pk_dropped - RuntimeError: Cannot resolve dependencies for: ['silver_goods_receipts']
Errors:
silver_goods_receipts: unsupported operand type(s) for /: 'float' and 'str'
ERROR tests/test_silver_pipeline.py::TestSilverDataQuality::test_inventory_null_pk_dropped - RuntimeError: Cannot resolve dependencies for: ['silver_goods_receipts']
Errors:
silver_goods_receipts: unsupported operand type(s) for /: 'float' and 'str'
ERROR tests/test_silver_pipeline.py::TestSilverDataQuality::test_vendor_performance_null_pk_dropped - RuntimeError: Cannot resolve dependencies for: ['silver_goods_receipts']
Errors:
silver_goods_receipts: unsupported operand type(s) for /: 'float' and 'str'
ERROR tests/test_silver_pipeline.py::TestSilverRowCounts::test_silver_table_has_2_rows[silver_vendors] - RuntimeError: Cannot resolve dependencies for: ['silver_goods_receipts']
Errors:
silver_goods_receipts: unsupported operand type(s) for /: 'float' and 'str'
ERROR tests/test_silver_pipeline.py::TestSilverRowCounts::test_silver_table_has_2_rows[silver_projects] - RuntimeError: Cannot resolve dependencies for: ['silver_goods_receipts']
Errors:
silver_goods_receipts: unsupported operand type(s) for /: 'float' and 'str'
ERROR tests/test_silver_pipeline.py::TestSilverRowCounts::test_silver_table_has_2_rows[silver_materials] - RuntimeError: Cannot resolve dependencies for: ['silver_goods_receipts']
Errors:
silver_goods_receipts: unsupported operand type(s) for /: 'float' and 'str'
ERROR tests/test_silver_pipeline.py::TestSilverRowCounts::test_silver_table_has_2_rows[silver_employees] - RuntimeError: Cannot resolve dependencies for: ['silver_goods_receipts']
Errors:
silver_goods_receipts: unsupported operand type(s) for /: 'float' and 'str'
ERROR tests/test_silver_pipeline.py::TestSilverRowCounts::test_silver_table_has_2_rows[silver_purchase_orders] - RuntimeError: Cannot resolve dependencies for: ['silver_goods_receipts']
Errors:
silver_goods_receipts: unsupported operand type(s) for /: 'float' and 'str'
ERROR tests/test_silver_pipeline.py::TestSilverRowCounts::test_silver_table_has_2_rows[silver_po_line_items] - RuntimeError: Cannot resolve dependencies for: ['silver_goods_receipts']
Errors:
silver_goods_receipts: unsupported operand type(s) for /: 'float' and 'str'
ERROR tests/test_silver_pipeline.py::TestSilverRowCounts::test_silver_table_has_2_rows[silver_contracts] - RuntimeError: Cannot resolve dependencies for: ['silver_goods_receipts']
Errors:
silver_goods_receipts: unsupported operand type(s) for /: 'float' and 'str'
ERROR tests/test_silver_pipeline.py::TestSilverRowCounts::test_silver_table_has_2_rows[silver_contract_items] - RuntimeError: Cannot resolve dependencies for: ['silver_goods_receipts']
Errors:
silver_goods_receipts: unsupported operand type(s) for /: 'float' and 'str'
ERROR tests/test_silver_pipeline.py::TestSilverRowCounts::test_silver_table_has_2_rows[silver_invoices] - RuntimeError: Cannot resolve dependencies for: ['silver_goods_receipts']
Errors:
silver_goods_receipts: unsupported operand type(s) for /: 'float' and 'str'
ERROR tests/test_silver_pipeline.py::TestSilverRowCounts::test_silver_table_has_2_rows[silver_goods_receipts] - RuntimeError: Cannot resolve dependencies for: ['silver_goods_receipts']
Errors:
silver_goods_receipts: unsupported operand type(s) for /: 'float' and 'str'
ERROR tests/test_silver_pipeline.py::TestSilverRowCounts::test_silver_table_has_2_rows[silver_project_budgets] - RuntimeError: Cannot resolve dependencies for: ['silver_goods_receipts']
Errors:
silver_goods_receipts: unsupported operand type(s) for /: 'float' and 'str'
ERROR tests/test_silver_pipeline.py::TestSilverRowCounts::test_silver_table_has_2_rows[silver_project_actuals] - RuntimeError: Cannot resolve dependencies for: ['silver_goods_receipts']
Errors:
silver_goods_receipts: unsupported operand type(s) for /: 'float' and 'str'
ERROR tests/test_silver_pipeline.py::TestSilverRowCounts::test_silver_table_has_2_rows[silver_sales_orders] - RuntimeError: Cannot resolve dependencies for: ['silver_goods_receipts']
Errors:
silver_goods_receipts: unsupported operand type(s) for /: 'float' and 'str'
ERROR tests/test_silver_pipeline.py::TestSilverRowCounts::test_silver_table_has_2_rows[silver_inventory] - RuntimeError: Cannot resolve dependencies for: ['silver_goods_receipts']
Errors:
silver_goods_receipts: unsupported operand type(s) for /: 'float' and 'str'
ERROR tests/test_silver_pipeline.py::TestSilverRowCounts::test_silver_table_has_2_rows[silver_vendor_performance] - RuntimeError: Cannot resolve dependencies for: ['silver_goods_receipts']
Errors:
silver_goods_receipts: unsupported operand type(s) for /: 'float' and 'str'
ERROR tests/test_silver_pipeline.py::TestSilverVendorTransforms::test_vendor_name_trimmed - RuntimeError: Cannot resolve dependencies for: ['silver_goods_receipts']
Errors:
silver_goods_receipts: unsupported operand type(s) for /: 'float' and 'str'
ERROR tests/test_silver_pipeline.py::TestSilverVendorTransforms::test_country_uppercased - RuntimeError: Cannot resolve dependencies for: ['silver_goods_receipts']
Errors:
silver_goods_receipts: unsupported operand type(s) for /: 'float' and 'str'
ERROR tests/test_silver_pipeline.py::TestSilverVendorTransforms::test_performance_rating_is_double - RuntimeError: Cannot resolve dependencies for: ['silver_goods_receipts']
Errors:
silver_goods_receipts: unsupported operand type(s) for /: 'float' and 'str'
ERROR tests/test_silver_pipeline.py::TestSilverVendorTransforms::test_payment_terms_is_integer - RuntimeError: Cannot resolve dependencies for: ['silver_goods_receipts']
Errors:
silver_goods_receipts: unsupported operand type(s) for /: 'float' and 'str'
ERROR tests/test_silver_pipeline.py::TestSilverVendorTransforms::test_metadata_columns_dropped - RuntimeError: Cannot resolve dependencies for: ['silver_goods_receipts']
Errors:
silver_goods_receipts: unsupported operand type(s) for /: 'float' and 'str'
ERROR tests/test_silver_pipeline.py::TestSilverVendorTransforms::test_silver_timestamp_added - RuntimeError: Cannot resolve dependencies for: ['silver_goods_receipts']
Errors:
silver_goods_receipts: unsupported operand type(s) for /: 'float' and 'str'
ERROR tests/test_silver_pipeline.py::TestSilverProjectTransforms::test_project_name_trimmed - RuntimeError: Cannot resolve dependencies for: ['silver_goods_receipts']
Errors:
silver_goods_receipts: unsupported operand type(s) for /: 'float' and 'str'
ERROR tests/test_silver_pipeline.py::TestSilverProjectTransforms::test_dates_cast_to_date_type - RuntimeError: Cannot resolve dependencies for: ['silver_goods_receipts']
Errors:
silver_goods_receipts: unsupported operand type(s) for /: 'float' and 'str'
ERROR tests/test_silver_pipeline.py::TestSilverProjectTransforms::test_planned_duration_days_calculated - RuntimeError: Cannot resolve dependencies for: ['silver_goods_receipts']
Errors:
silver_goods_receipts: unsupported operand type(s) for /: 'float' and 'str'
ERROR tests/test_silver_pipeline.py::TestSilverProjectTransforms::test_budget_variance_pct_calculated - RuntimeError: Cannot resolve dependencies for: ['silver_goods_receipts']
Errors:
silver_goods_receipts: unsupported operand type(s) for /: 'float' and 'str'
ERROR tests/test_silver_pipeline.py::TestSilverMaterialTransforms::test_category_uppercased - RuntimeError: Cannot resolve dependencies for: ['silver_goods_receipts']
Errors:
silver_goods_receipts: unsupported operand type(s) for /: 'float' and 'str'
ERROR tests/test_silver_pipeline.py::TestSilverMaterialTransforms::test_active_to_is_active_boolean - RuntimeError: Cannot resolve dependencies for: ['silver_goods_receipts']
Errors:
silver_goods_receipts: unsupported operand type(s) for /: 'float' and 'str'
ERROR tests/test_silver_pipeline.py::TestSilverEmployeeTransforms::test_full_name_concatenated - RuntimeError: Cannot resolve dependencies for: ['silver_goods_receipts']
Errors:
silver_goods_receipts: unsupported operand type(s) for /: 'float' and 'str'
ERROR tests/test_silver_pipeline.py::TestSilverEmployeeTransforms::test_full_name_trimmed_parts - RuntimeError: Cannot resolve dependencies for: ['silver_goods_receipts']
Errors:
silver_goods_receipts: unsupported operand type(s) for /: 'float' and 'str'
ERROR tests/test_silver_pipeline.py::TestSilverEmployeeTransforms::test_department_uppercased - RuntimeError: Cannot resolve dependencies for: ['silver_goods_receipts']
Errors:
silver_goods_receipts: unsupported operand type(s) for /: 'float' and 'str'
ERROR tests/test_silver_pipeline.py::TestSilverPurchaseOrderTransforms::test_po_status_uppercased - RuntimeError: Cannot resolve dependencies for: ['silver_goods_receipts']
Errors:
silver_goods_receipts: unsupported operand type(s) for /: 'float' and 'str'
ERROR tests/test_silver_pipeline.py::TestSilverPurchaseOrderTransforms::test_dates_cast - RuntimeError: Cannot resolve dependencies for: ['silver_goods_receipts']
Errors:
silver_goods_receipts: unsupported operand type(s) for /: 'float' and 'str'
ERROR tests/test_silver_pipeline.py::TestSilverPurchaseOrderTransforms::test_order_date_alias - RuntimeError: Cannot resolve dependencies for: ['silver_goods_receipts']
Errors:
silver_goods_receipts: unsupported operand type(s) for /: 'float' and 'str'
ERROR tests/test_silver_pipeline.py::TestSilverPoLineItemTransforms::test_fulfillment_rate_calculated - RuntimeError: Cannot resolve dependencies for: ['silver_goods_receipts']
Errors:
silver_goods_receipts: unsupported operand type(s) for /: 'float' and 'str'
ERROR tests/test_silver_pipeline.py::TestSilverPoLineItemTransforms::test_acceptance_rate_calculated - RuntimeError: Cannot resolve dependencies for: ['silver_goods_receipts']
Errors:
silver_goods_receipts: unsupported operand type(s) for /: 'float' and 'str'
ERROR tests/test_silver_pipeline.py::TestSilverContractTransforms::test_contract_duration_days - RuntimeError: Cannot resolve dependencies for: ['silver_goods_receipts']
Errors:
silver_goods_receipts: unsupported operand type(s) for /: 'float' and 'str'
ERROR tests/test_silver_pipeline.py::TestSilverContractTransforms::test_status_uppercased - RuntimeError: Cannot resolve dependencies for: ['silver_goods_receipts']
Errors:
silver_goods_receipts: unsupported operand type(s) for /: 'float' and 'str'
ERROR tests/test_silver_pipeline.py::TestSilverContractTransforms::test_type_uppercased - RuntimeError: Cannot resolve dependencies for: ['silver_goods_receipts']
Errors:
silver_goods_receipts: unsupported operand type(s) for /: 'float' and 'str'
ERROR tests/test_silver_pipeline.py::TestSilverContractItemTransforms::test_quantity_cast_to_double - RuntimeError: Cannot resolve dependencies for: ['silver_goods_receipts']
Errors:
silver_goods_receipts: unsupported operand type(s) for /: 'float' and 'str'
ERROR tests/test_silver_pipeline.py::TestSilverInvoiceTransforms::test_days_to_pay_calculated - RuntimeError: Cannot resolve dependencies for: ['silver_goods_receipts']
Errors:
silver_goods_receipts: unsupported operand type(s) for /: 'float' and 'str'
ERROR tests/test_silver_pipeline.py::TestSilverInvoiceTransforms::test_days_overdue_for_unpaid - RuntimeError: Cannot resolve dependencies for: ['silver_goods_receipts']
Errors:
silver_goods_receipts: unsupported operand type(s) for /: 'float' and 'str'
ERROR tests/test_silver_pipeline.py::TestSilverGoodsReceiptTransforms::test_qty_delivered_renamed_to_qty_received - RuntimeError: Cannot resolve dependencies for: ['silver_goods_receipts']
Errors:
silver_goods_receipts: unsupported operand type(s) for /: 'float' and 'str'
ERROR tests/test_silver_pipeline.py::TestSilverGoodsReceiptTransforms::test_rejection_rate_calculated - RuntimeError: Cannot resolve dependencies for: ['silver_goods_receipts']
Errors:
silver_goods_receipts: unsupported operand type(s) for /: 'float' and 'str'
ERROR tests/test_silver_pipeline.py::TestSilverProjectBudgetTransforms::test_column_renames - RuntimeError: Cannot resolve dependencies for: ['silver_goods_receipts']
Errors:
silver_goods_receipts: unsupported operand type(s) for /: 'float' and 'str'
ERROR tests/test_silver_pipeline.py::TestSilverProjectBudgetTransforms::test_remaining_amount_calculated - RuntimeError: Cannot resolve dependencies for: ['silver_goods_receipts']
Errors:
silver_goods_receipts: unsupported operand type(s) for /: 'float' and 'str'
ERROR tests/test_silver_pipeline.py::TestSilverProjectBudgetTransforms::test_utilization_pct_calculated - RuntimeError: Cannot resolve dependencies for: ['silver_goods_receipts']
Errors:
silver_goods_receipts: unsupported operand type(s) for /: 'float' and 'str'
ERROR tests/test_silver_pipeline.py::TestSilverProjectActualTransforms::test_cost_category_derived - RuntimeError: Cannot resolve dependencies for: ['silver_goods_receipts']
Errors:
silver_goods_receipts: unsupported operand type(s) for /: 'float' and 'str'
ERROR tests/test_silver_pipeline.py::TestSilverProjectActualTransforms::test_trimmed_cost_type - RuntimeError: Cannot resolve dependencies for: ['silver_goods_receipts']
Errors:
silver_goods_receipts: unsupported operand type(s) for /: 'float' and 'str'
ERROR tests/test_silver_pipeline.py::TestSilverSalesOrderTransforms::test_order_value_from_revenue - RuntimeError: Cannot resolve dependencies for: ['silver_goods_receipts']
Errors:
silver_goods_receipts: unsupported operand type(s) for /: 'float' and 'str'
ERROR tests/test_silver_pipeline.py::TestSilverSalesOrderTransforms::test_total_value_from_total_amount - RuntimeError: Cannot resolve dependencies for: ['silver_goods_receipts']
Errors:
silver_goods_receipts: unsupported operand type(s) for /: 'float' and 'str'
ERROR tests/test_silver_pipeline.py::TestSilverSalesOrderTransforms::test_customer_name_trimmed - RuntimeError: Cannot resolve dependencies for: ['silver_goods_receipts']
Errors:
silver_goods_receipts: unsupported operand type(s) for /: 'float' and 'str'
ERROR tests/test_silver_pipeline.py::TestSilverInventoryTransforms::test_total_cost_from_total_value - RuntimeError: Cannot resolve dependencies for: ['silver_goods_receipts']
Errors:
silver_goods_receipts: unsupported operand type(s) for /: 'float' and 'str'
ERROR tests/test_silver_pipeline.py::TestSilverInventoryTransforms::test_movement_type_uppercased - RuntimeError: Cannot resolve dependencies for: ['silver_goods_receipts']
Errors:
silver_goods_receipts: unsupported operand type(s) for /: 'float' and 'str'
ERROR tests/test_silver_pipeline.py::TestSilverVendorPerformanceTransforms::test_overall_score_from_composite - RuntimeError: Cannot resolve dependencies for: ['silver_goods_receipts']
Errors:
silver_goods_receipts: unsupported operand type(s) for /: 'float' and 'str'
ERROR tests/test_silver_pipeline.py::TestSilverVendorPerformanceTransforms::test_overall_score_value - RuntimeError: Cannot resolve dependencies for: ['silver_goods_receipts']
Errors:
silver_goods_receipts: unsupported operand type(s) for /: 'float' and 'str'
============================= 72 errors in 7.36s ==============================
